[econest-html.netlify.app/econest/index.html]
[backblue.gif]
[fade.gif]
[index.html]
[econest-html.netlify.app/econest/assets/img/logo/favicon.webp]
[econest-html.netlify.app/econest/assets/vendor/animate/animate.min.css]
[econest-html.netlify.app/econest/assets/vendor/fontawesome-pro/fontawesome.min.css]
[econest-html.netlify.app/econest/assets/vendor/bootstrap/bootstrap.min.css]
[econest-html.netlify.app/econest/assets/vendor/swiper/swiper-bundle.min.css]
[econest-html.netlify.app/econest/assets/vendor/aos/aos.css]
[econest-html.netlify.app/econest/assets/vendor/fancybox/fancybox.css]
[econest-html.netlify.app/econest/assets/css/spacing.css]
[econest-html.netlify.app/econest/assets/img/thumbs/preloader.gif]
[econest-html.netlify.app/econest/assets/img/icons/calendar-time.svg]
[econest-html.netlify.app/econest/assets/css/main.css]
[econest-html.netlify.app/econest/donations.html]
[econest-html.netlify.app/econest/assets/img/logo/logo-white.svg]
[econest-html.netlify.app/econest/index-2.html]
[econest-html.netlify.app/econest/index-3.html]
[econest-html.netlify.app/econest/index-4.html]
[econest-html.netlify.app/econest/index-5.html]
[econest-html.netlify.app/econest/about.html]
[econest-html.netlify.app/econest/services.html]
[econest-html.netlify.app/econest/services-details.html]
[econest-html.netlify.app/econest/project.html]
[econest-html.netlify.app/econest/project-details.html]
[econest-html.netlify.app/econest/camping.html]
[econest-html.netlify.app/econest/camping-details.html]
[econest-html.netlify.app/econest/camping-donation.html]
[econest-html.netlify.app/econest/be-volunteer.html]
[econest-html.netlify.app/econest/volunteer.html]
[econest-html.netlify.app/econest/volunteer-details.html]
[econest-html.netlify.app/econest/blog-grid.html]
[econest-html.netlify.app/econest/blog-standard.html]
[econest-html.netlify.app/econest/blog-details.html]
[econest-html.netlify.app/econest/contact.html]
[econest-html.netlify.app/econest/assets/img/logo/logo.svg]
[econest-html.netlify.app/econest/assets/img/thumbs/thumb-3.webp]
[econest-html.netlify.app/econest/assets/img/bg/hero-bg-1.webp]
[econest-html.netlify.app/econest/assets/img/icons/icon-1.svg]
[econest-html.netlify.app/econest/assets/img/authors/author-1.webp]
[econest-html.netlify.app/econest/assets/img/shapes/group-shape-1.webp]
[econest-html.netlify.app/econest/assets/img/shapes/shape-2.webp]
[econest-html.netlify.app/econest/assets/img/bg/hero-bg-6.webp]
[econest-html.netlify.app/econest/assets/img/thumbs/thumb-39.webp]
[econest-html.netlify.app/econest/assets/img/shapes/shape-18.webp]
[econest-html.netlify.app/econest/assets/img/icons/icon-6.svg]
[econest-html.netlify.app/econest/assets/img/shapes/shape-14.webp]
[econest-html.netlify.app/econest/assets/img/thumbs/thumb-40.webp]
[econest-html.netlify.app/econest/assets/img/shapes/shape-19.webp]
[econest-html.netlify.app/econest/assets/img/icons/icon-2.svg]
[econest-html.netlify.app/econest/assets/img/logo/logo-8.svg]
[econest-html.netlify.app/econest/assets/img/bg/what-we-do-bg.webp]
[econest-html.netlify.app/econest/assets/img/thumbs/thumb-14.webp]
[econest-html.netlify.app/econest/assets/img/thumbs/thumb-15.webp]
[econest-html.netlify.app/econest/assets/img/thumbs/thumb-16.webp]
[econest-html.netlify.app/econest/assets/img/shapes/shape-10.webp]
[econest-html.netlify.app/econest/assets/img/shapes/shape-11.webp]
[econest-html.netlify.app/econest/assets/img/bg/why-us-bg.webp]
[econest-html.netlify.app/econest/assets/img/thumbs/thumb-23.webp]
[econest-html.netlify.app/econest/assets/img/thumbs/thumb-22.webp]
[econest-html.netlify.app/econest/assets/img/thumbs/thumb-21.webp]
[econest-html.netlify.app/econest/assets/img/shapes/shape-13.webp]
[econest-html.netlify.app/econest/assets/img/shapes/shape-15.webp]
[econest-html.netlify.app/econest/assets/img/icons/icon-4.svg]
[econest-html.netlify.app/econest/assets/img/bg/our-camping-bg.webp]
[econest-html.netlify.app/econest/assets/img/thumbs/thumb-2.webp]
[econest-html.netlify.app/econest/assets/img/icons/calendar.svg]
[econest-html.netlify.app/econest/assets/img/thumbs/thumb-4.webp]
[econest-html.netlify.app/econest/assets/img/thumbs/thumb-17.webp]
[econest-html.netlify.app/econest/assets/img/thumbs/thumb-18.webp]
[econest-html.netlify.app/econest/assets/img/thumbs/thumb-19.webp]
[econest-html.netlify.app/econest/assets/img/thumbs/thumb-20.webp]
[econest-html.netlify.app/econest/assets/img/shapes/shape-12.webp]
[econest-html.netlify.app/econest/assets/img/bg/completed-project-bg.webp]
[econest-html.netlify.app/econest/assets/img/shapes/shape-8.webp]
[econest-html.netlify.app/econest/assets/img/shapes/shape-9.webp]
[econest-html.netlify.app/econest/assets/img/thumbs/thumb-11.webp]
[econest-html.netlify.app/econest/assets/img/thumbs/thumb-12.webp]
[econest-html.netlify.app/econest/assets/img/thumbs/thumb-13.webp]
[econest-html.netlify.app/econest/assets/img/icons/icon-3.svg]
[econest-html.netlify.app/econest/assets/img/thumbs/thumb-10.webp]
[econest-html.netlify.app/econest/assets/img/thumbs/thumb-10.2.webp]
[econest-html.netlify.app/econest/assets/img/thumbs/thumb-10.3.webp]
[econest-html.netlify.app/econest/assets/img/shapes/shape-4.webp]
[econest-html.netlify.app/econest/assets/img/logo/logo-2.webp]
[econest-html.netlify.app/econest/assets/img/logo/logo-3.webp]
[econest-html.netlify.app/econest/assets/img/logo/logo-4.webp]
[econest-html.netlify.app/econest/assets/img/logo/logo-5.webp]
[econest-html.netlify.app/econest/assets/img/logo/logo-6.webp]
[econest-html.netlify.app/econest/assets/img/logo/logo-7.webp]
[econest-html.netlify.app/econest/assets/img/bg/contact-us-bg.webp]
[econest-html.netlify.app/econest/assets/img/shapes/shape-5.webp]
[econest-html.netlify.app/econest/assets/img/shapes/shape-6.webp]
[econest-html.netlify.app/econest/assets/img/shapes/shape-7.webp]
[econest-html.netlify.app/econest/assets/img/icons/calendar-2.svg]
[econest-html.netlify.app/econest/assets/img/thumbs/thumb-8.webp]
[econest-html.netlify.app/econest/assets/img/shapes/shape-3.webp]
[econest-html.netlify.app/econest/assets/img/thumbs/thumb-9.webp]
[econest-html.netlify.app/econest/assets/img/bg/latest-blog-bg.webp]
[econest-html.netlify.app/econest/assets/img/thumbs/thumb-5.webp]
[econest-html.netlify.app/econest/assets/img/thumbs/thumb-6.webp]
[econest-html.netlify.app/econest/assets/img/thumbs/thumb-84.webp]
[econest-html.netlify.app/econest/assets/img/icons/icon-12.svg]
[econest-html.netlify.app/econest/assets/img/shapes/shape-38.webp]
[econest-html.netlify.app/econest/assets/vendor/jquery/jquery.min.js]
[econest-html.netlify.app/econest/assets/vendor/popper/popper.min.js]
[econest-html.netlify.app/econest/assets/vendor/bootstrap/bootstrap.min.js]
[econest-html.netlify.app/econest/assets/vendor/swiper/swiper-bundle.min.js]
[econest-html.netlify.app/econest/assets/vendor/aos/aos.js]
[econest-html.netlify.app/econest/assets/vendor/fancybox/fancybox.umd.js]
[econest-html.netlify.app/econest/assets/vendor/counter/purecounter.js]
[econest-html.netlify.app/econest/index.html]
[econest-html.netlify.app/econest/assets/vendor/animate/animate.min.css]
[econest-html.netlify.app/econest/assets/js/script.js]
[econest-html.netlify.app/econest/assets/vendor/fontawesome-pro/webfonts/fa-brands-400.woff2]
[econest-html.netlify.app/econest/assets/vendor/fontawesome-pro/webfonts/fa-brands-400.ttf]
[econest-html.netlify.app/econest/assets/vendor/fontawesome-pro/webfonts/fa-duotone-900.woff2]
[econest-html.netlify.app/econest/assets/vendor/fontawesome-pro/webfonts/fa-light-300.woff2]
[econest-html.netlify.app/econest/assets/vendor/fontawesome-pro/webfonts/fa-duotone-900.ttf]
[econest-html.netlify.app/econest/assets/vendor/fontawesome-pro/webfonts/fa-regular-400.woff2]
[econest-html.netlify.app/econest/assets/vendor/fontawesome-pro/webfonts/fa-solid-900.woff2]
[econest-html.netlify.app/econest/assets/vendor/fontawesome-pro/webfonts/fa-solid-900.ttf]
[econest-html.netlify.app/econest/assets/vendor/fontawesome-pro/webfonts/fa-thin-100.woff2]
[econest-html.netlify.app/econest/assets/vendor/fontawesome-pro/webfonts/fa-light-300.ttf]
[econest-html.netlify.app/econest/assets/vendor/fontawesome-pro/webfonts/fa-v4compatibility.woff2]
[econest-html.netlify.app/econest/assets/vendor/fontawesome-pro/webfonts/fa-regular-400.ttf]
[econest-html.netlify.app/econest/assets/vendor/fontawesome-pro/webfonts/fa-thin-100.ttf]
[econest-html.netlify.app/econest/assets/vendor/fontawesome-pro/fontawesome.min.css]
[econest-html.netlify.app/econest/assets/vendor/bootstrap/bootstrap.min.css]
[econest-html.netlify.app/econest/assets/vendor/swiper/swiper-bundle.min.css]
[econest-html.netlify.app/econest/assets/vendor/aos/aos.css]
[econest-html.netlify.app/econest/assets/vendor/fancybox/fancybox.css]
[econest-html.netlify.app/econest/assets/css/spacing.css]
[econest-html.netlify.app/econest/assets/css/main.css]
[econest-html.netlify.app/econest/assets/img/icons/calendar-time.svg]
[econest-html.netlify.app/econest/assets/vendor/fontawesome-pro/webfonts/fa-v4compatibility.ttf]
[econest-html.netlify.app/econest/assets/img/bg/breadcrumb-bg.webp]
[econest-html.netlify.app/econest/assets/img/shapes/shape-1.webp]
[econest-html.netlify.app/econest/assets/img/thumbs/thumb-110.webp]
[econest-html.netlify.app/econest/assets/img/icons/icon-21.svg]
[econest-html.netlify.app/econest/assets/img/shapes/shape-47.webp]
[econest-html.netlify.app/econest/assets/img/icons/icon-18.svg]
[econest-html.netlify.app/econest/assets/img/shapes/shape-30.webp]
[econest-html.netlify.app/econest/assets/img/bg/footer-bg.webp]
[econest-html.netlify.app/econest/donations.html]
[econest-html.netlify.app/econest/assets/img/logo/logo-white.svg]
[econest-html.netlify.app/econest/assets/img/bg/hero-bg-2.webp]
[econest-html.netlify.app/econest/assets/img/shapes/shape-16.webp]
[econest-html.netlify.app/econest/assets/img/shapes/shape-17.webp]
[econest-html.netlify.app/econest/assets/img/bg/hero-bg-7.webp]
[econest-html.netlify.app/econest/assets/img/thumbs/thumb-24.webp]
[econest-html.netlify.app/econest/assets/img/thumbs/thumb-25.webp]
[econest-html.netlify.app/econest/assets/img/thumbs/thumb-26.webp]
[econest-html.netlify.app/econest/assets/img/bg/who-we-are-bg.webp]
[econest-html.netlify.app/econest/assets/img/bg/dust-recycling-bg.webp]
[econest-html.netlify.app/econest/assets/img/shapes/shape-53.webp]
[econest-html.netlify.app/econest/assets/img/shapes/shape-52.webp]
[econest-html.netlify.app/econest/assets/img/thumbs/thumb-27.webp]
[econest-html.netlify.app/econest/assets/img/thumbs/thumb-28.webp]
[econest-html.netlify.app/econest/assets/img/thumbs/thumb-29.webp]
[econest-html.netlify.app/econest/assets/img/thumbs/thumb-30.webp]
[econest-html.netlify.app/econest/assets/img/bg/testimonial-bg.webp]
[econest-html.netlify.app/econest/assets/img/thumbs/thumb-34.webp]
[econest-html.netlify.app/econest/assets/img/thumbs/thumb-35.webp]
[econest-html.netlify.app/econest/assets/img/thumbs/thumb-36.webp]
[econest-html.netlify.app/econest/assets/img/thumbs/thumb-37.webp]
[econest-html.netlify.app/econest/assets/img/shapes/shape-54.webp]
[econest-html.netlify.app/econest/assets/img/thumbs/thumb-31.webp]
[econest-html.netlify.app/econest/assets/img/thumbs/thumb-32.webp]
[econest-html.netlify.app/econest/assets/img/thumbs/thumb-33.webp]
[econest-html.netlify.app/econest/index-2.html]
[econest-html.netlify.app/econest/assets/img/bg/hero-bg-3.webp]
[econest-html.netlify.app/econest/assets/img/icons/icon-7.svg]
[econest-html.netlify.app/econest/assets/img/icons/icon-8.svg]
[econest-html.netlify.app/econest/assets/img/thumbs/thumb-46.webp]
[econest-html.netlify.app/econest/assets/img/shapes/shape-20.webp]
[econest-html.netlify.app/econest/assets/img/shapes/shape-21.webp]
[econest-html.netlify.app/econest/assets/img/thumbs/thumb-154.webp]
[econest-html.netlify.app/econest/assets/img/thumbs/thumb-41.webp]
[econest-html.netlify.app/econest/assets/img/thumbs/thumb-42.webp]
[econest-html.netlify.app/econest/assets/img/thumbs/thumb-43.webp]
[econest-html.netlify.app/econest/assets/img/shapes/shape-22.webp]
[econest-html.netlify.app/econest/assets/img/shapes/shape-23.webp]
[econest-html.netlify.app/econest/assets/img/icons/icon-9.svg]
[econest-html.netlify.app/econest/assets/img/bg/what-we-do-bg-2.webp]
[econest-html.netlify.app/econest/assets/img/thumbs/thumb-58.webp]
[econest-html.netlify.app/econest/assets/img/thumbs/thumb-59.webp]
[econest-html.netlify.app/econest/assets/img/thumbs/thumb-60.webp]
[econest-html.netlify.app/econest/assets/img/thumbs/thumb-61.webp]
[econest-html.netlify.app/econest/assets/img/shapes/shape-29.webp]
[econest-html.netlify.app/econest/assets/img/bg/why-us-bg-2.webp]
[econest-html.netlify.app/econest/assets/img/thumbs/thumb-44.webp]
[econest-html.netlify.app/econest/assets/img/thumbs/thumb-45.webp]
[econest-html.netlify.app/econest/assets/img/icons/icon-10.svg]
[econest-html.netlify.app/econest/assets/img/authors/author-2.webp]
[econest-html.netlify.app/econest/assets/img/shapes/shape-24.webp]
[econest-html.netlify.app/econest/assets/img/shapes/shape-25.webp]
[econest-html.netlify.app/econest/assets/img/shapes/shape-26.webp]
[econest-html.netlify.app/econest/assets/img/thumbs/thumb-54.1.webp]
[econest-html.netlify.app/econest/assets/img/thumbs/thumb-54.2.webp]
[econest-html.netlify.app/econest/assets/img/thumbs/thumb-54.3.webp]
[econest-html.netlify.app/econest/assets/img/thumbs/thumb-54.4.webp]
[econest-html.netlify.app/econest/assets/img/thumbs/thumb-54.5.webp]
[econest-html.netlify.app/econest/assets/img/bg/testimonial-bg-2.webp]
[econest-html.netlify.app/econest/assets/img/thumbs/thumb-55.webp]
[econest-html.netlify.app/econest/assets/img/thumbs/thumb-56.webp]
[econest-html.netlify.app/econest/assets/img/thumbs/thumb-57.webp]
[econest-html.netlify.app/econest/assets/img/logo/logo-13.webp]
[econest-html.netlify.app/econest/assets/img/logo/logo-12.webp]
[econest-html.netlify.app/econest/assets/img/logo/logo-11.webp]
[econest-html.netlify.app/econest/assets/img/logo/logo-9.webp]
[econest-html.netlify.app/econest/assets/img/logo/logo-10.webp]
[econest-html.netlify.app/econest/assets/img/logo/logo-14.webp]
[econest-html.netlify.app/econest/assets/img/thumbs/thumb-47.webp]
[econest-html.netlify.app/econest/assets/img/thumbs/thumb-48.webp]
[econest-html.netlify.app/econest/assets/img/thumbs/thumb-49.webp]
[econest-html.netlify.app/econest/assets/img/thumbs/thumb-50.webp]
[econest-html.netlify.app/econest/assets/img/shapes/shape-28.webp]
[econest-html.netlify.app/econest/assets/img/bg/contact-us-bg-2.webp]
[econest-html.netlify.app/econest/assets/img/thumbs/thumb-51.webp]
[econest-html.netlify.app/econest/assets/img/thumbs/thumb-52.webp]
[econest-html.netlify.app/econest/assets/img/thumbs/thumb-53.webp]
[econest-html.netlify.app/econest/assets/img/bg/newsletter-bg.webp]
[econest-html.netlify.app/econest/assets/img/shapes/shape-36.webp]
[econest-html.netlify.app/econest/index-3.html]
[econest-html.netlify.app/econest/assets/img/bg/hero-bg-4.webp]
[econest-html.netlify.app/econest/assets/img/icons/icon-13.svg]
[econest-html.netlify.app/econest/assets/img/thumbs/thumb-85.webp]
[econest-html.netlify.app/econest/assets/img/thumbs/thumb-86.webp]
[econest-html.netlify.app/econest/assets/img/bg/services-we-offer-bg.webp]
[econest-html.netlify.app/econest/assets/img/thumbs/thumb-87.webp]
[econest-html.netlify.app/econest/assets/img/thumbs/thumb-88.webp]
[econest-html.netlify.app/econest/assets/img/thumbs/thumb-89.webp]
[econest-html.netlify.app/econest/assets/img/shapes/shape-37.webp]
[econest-html.netlify.app/econest/assets/img/thumbs/thumb-90.webp]
[econest-html.netlify.app/econest/assets/img/thumbs/thumb-91.webp]
[econest-html.netlify.app/econest/assets/img/thumbs/thumb-92.webp]
[econest-html.netlify.app/econest/assets/img/bg/dust-recycling-bg-2.webp]
[econest-html.netlify.app/econest/assets/img/thumbs/thumb-93.webp]
[econest-html.netlify.app/econest/assets/img/thumbs/thumb-94.webp]
[econest-html.netlify.app/econest/assets/img/thumbs/thumb-95.webp]
[econest-html.netlify.app/econest/index-4.html]
[econest-html.netlify.app/econest/assets/img/bg/hero-bg-5.webp]
[econest-html.netlify.app/econest/assets/img/icons/icon-14.svg]
[econest-html.netlify.app/econest/assets/img/icons/icon-15.svg]
[econest-html.netlify.app/econest/assets/img/shapes/shape-39.webp]
[econest-html.netlify.app/econest/assets/img/shapes/shape-43.webp]
[econest-html.netlify.app/econest/assets/img/thumbs/thumb-96.webp]
[econest-html.netlify.app/econest/assets/img/thumbs/thumb-97.webp]
[econest-html.netlify.app/econest/assets/img/thumbs/thumb-98.webp]
[econest-html.netlify.app/econest/assets/img/shapes/shape-40.webp]
[econest-html.netlify.app/econest/assets/img/icons/icon-16.svg]
[econest-html.netlify.app/econest/assets/img/bg/our-camping-bg-2.webp]
[econest-html.netlify.app/econest/assets/img/thumbs/thumb-99.webp]
[econest-html.netlify.app/econest/assets/img/thumbs/thumb-100.webp]
[econest-html.netlify.app/econest/assets/img/thumbs/thumb-101.webp]
[econest-html.netlify.app/econest/assets/img/shapes/shape-41.webp]
[econest-html.netlify.app/econest/assets/img/thumbs/thumb-106.webp]
[econest-html.netlify.app/econest/assets/img/thumbs/thumb-107.webp]
[econest-html.netlify.app/econest/assets/img/bg/make-donate-bg.webp]
[econest-html.netlify.app/econest/assets/img/shapes/shape-44.webp]
[econest-html.netlify.app/econest/assets/img/shapes/shape-48.webp]
[econest-html.netlify.app/econest/assets/img/shapes/shape-49.webp]
[econest-html.netlify.app/econest/assets/img/shapes/shape-50.webp]
[econest-html.netlify.app/econest/assets/img/shapes/shape-51.webp]
[econest-html.netlify.app/econest/assets/img/bg/testimonial-bg-3.webp]
[econest-html.netlify.app/econest/assets/img/thumbs/thumb-104.webp]
[econest-html.netlify.app/econest/assets/img/thumbs/thumb-105.webp]
[econest-html.netlify.app/econest/assets/img/shapes/shape-42.webp]
[econest-html.netlify.app/econest/assets/img/thumbs/thumb-102.webp]
[econest-html.netlify.app/econest/assets/img/thumbs/thumb-103.webp]
[econest-html.netlify.app/econest/assets/img/bg/footer-bg-2.webp]
[econest-html.netlify.app/econest/index-5.html]
[econest-html.netlify.app/econest/assets/img/thumbs/thumb-1.webp]
[econest-html.netlify.app/econest/assets/img/bg/about-us-bg.webp]
[econest-html.netlify.app/econest/about.html]
[econest-html.netlify.app/econest/assets/img/thumbs/thumb-63.webp]
[econest-html.netlify.app/econest/assets/img/thumbs/thumb-64.webp]
[econest-html.netlify.app/econest/assets/img/thumbs/thumb-65.webp]
[econest-html.netlify.app/econest/assets/img/thumbs/thumb-66.webp]
[econest-html.netlify.app/econest/assets/img/thumbs/thumb-67.webp]
[econest-html.netlify.app/econest/assets/img/thumbs/thumb-68.webp]
[econest-html.netlify.app/econest/assets/img/shapes/shape-31.webp]
[econest-html.netlify.app/econest/assets/img/shapes/shape-32.webp]
[econest-html.netlify.app/econest/assets/img/bg/why-us-bg-3.webp]
[econest-html.netlify.app/econest/services.html]
[econest-html.netlify.app/econest/assets/img/thumbs/thumb-153.webp]
[econest-html.netlify.app/econest/assets/img/thumbs/thumb-108.webp]
[econest-html.netlify.app/econest/assets/img/thumbs/thumb-109.webp]
[econest-html.netlify.app/econest/assets/img/shapes/shape-45.webp]
[econest-html.netlify.app/econest/assets/img/shapes/shape-46.webp]
[econest-html.netlify.app/econest/services-details.html]
[econest-html.netlify.app/econest/assets/img/thumbs/thumb-69.webp]
[econest-html.netlify.app/econest/assets/img/thumbs/thumb-70.webp]
[econest-html.netlify.app/econest/assets/img/thumbs/thumb-71.webp]
[econest-html.netlify.app/econest/assets/img/thumbs/thumb-72.webp]
[econest-html.netlify.app/econest/assets/img/thumbs/thumb-73.webp]
[econest-html.netlify.app/econest/assets/img/thumbs/thumb-74.webp]
[econest-html.netlify.app/econest/project.html]
[econest-html.netlify.app/econest/assets/img/thumbs/thumb-111.webp]
[econest-html.netlify.app/econest/assets/img/thumbs/thumb-112.webp]
[econest-html.netlify.app/econest/assets/img/thumbs/thumb-113.webp]
[econest-html.netlify.app/econest/project-details.html]
[econest-html.netlify.app/econest/assets/img/thumbs/thumb-75.webp]
[econest-html.netlify.app/econest/assets/img/thumbs/thumb-76.webp]
[econest-html.netlify.app/econest/assets/img/thumbs/thumb-77.webp]
[econest-html.netlify.app/econest/camping.html]
[econest-html.netlify.app/econest/assets/img/thumbs/thumb-114.webp]
[econest-html.netlify.app/econest/assets/img/thumbs/thumb-115.webp]
[econest-html.netlify.app/econest/assets/img/thumbs/thumb-116.webp]
[econest-html.netlify.app/econest/assets/img/thumbs/thumb-117.webp]
[econest-html.netlify.app/econest/assets/img/thumbs/thumb-118.webp]
[econest-html.netlify.app/econest/assets/img/thumbs/thumb-119.webp]
[econest-html.netlify.app/econest/assets/img/thumbs/thumb-125.webp]
[econest-html.netlify.app/econest/assets/img/thumbs/thumb-126.webp]
[econest-html.netlify.app/econest/assets/img/icons/icon-20.svg]
[econest-html.netlify.app/econest/assets/img/thumbs/thumb-120.webp]
[econest-html.netlify.app/econest/assets/img/thumbs/thumb-121.webp]
[econest-html.netlify.app/econest/assets/img/thumbs/thumb-122.webp]
[econest-html.netlify.app/econest/assets/img/thumbs/thumb-123.webp]
[econest-html.netlify.app/econest/assets/img/thumbs/thumb-124.webp]
[econest-html.netlify.app/econest/camping-details.html]
[econest-html.netlify.app/econest/assets/img/thumbs/thumb-152.webp]
[econest-html.netlify.app/econest/assets/img/thumbs/thumb-127.webp]
[econest-html.netlify.app/econest/assets/img/icons/icon-19.svg]
[econest-html.netlify.app/econest/assets/img/thumbs/thumb-128.webp]
[econest-html.netlify.app/econest/assets/img/thumbs/thumb-134.webp]
[econest-html.netlify.app/econest/assets/img/thumbs/thumb-131.webp]
[econest-html.netlify.app/econest/assets/img/thumbs/thumb-132.webp]
[econest-html.netlify.app/econest/assets/img/thumbs/thumb-133.webp]
[econest-html.netlify.app/econest/assets/img/thumbs/thumb-130.webp]
[econest-html.netlify.app/econest/assets/img/thumbs/thumb-129.webp]
[econest-html.netlify.app/econest/camping-donation.html]
[econest-html.netlify.app/econest/be-volunteer.html]
[econest-html.netlify.app/econest/assets/img/thumbs/thumb-78.webp]
[econest-html.netlify.app/econest/assets/img/thumbs/thumb-79.webp]
[econest-html.netlify.app/econest/assets/img/thumbs/thumb-80.webp]
[econest-html.netlify.app/econest/assets/img/thumbs/thumb-81.webp]
[econest-html.netlify.app/econest/assets/img/thumbs/thumb-82.webp]
[econest-html.netlify.app/econest/assets/img/shapes/shape-33.webp]
[econest-html.netlify.app/econest/volunteer.html]
[econest-html.netlify.app/econest/assets/img/thumbs/thumb-83.webp]
[econest-html.netlify.app/econest/volunteer-details.html]
[econest-html.netlify.app/econest/assets/img/thumbs/thumb-142.webp]
[econest-html.netlify.app/econest/assets/img/thumbs/thumb-135.webp]
[econest-html.netlify.app/econest/assets/img/thumbs/thumb-136.webp]
[econest-html.netlify.app/econest/assets/img/thumbs/thumb-137.webp]
[econest-html.netlify.app/econest/assets/img/thumbs/thumb-138.webp]
[econest-html.netlify.app/econest/assets/img/thumbs/thumb-139.webp]
[econest-html.netlify.app/econest/assets/img/thumbs/thumb-140.webp]
[econest-html.netlify.app/econest/assets/img/thumbs/thumb-141.webp]
[econest-html.netlify.app/econest/blog-grid.html]
[econest-html.netlify.app/econest/assets/img/thumbs/thumb-144.webp]
[econest-html.netlify.app/econest/assets/img/thumbs/thumb-143.webp]
[econest-html.netlify.app/econest/assets/img/thumbs/thumb-145.webp]
[econest-html.netlify.app/econest/assets/img/thumbs/thumb-146.webp]
[econest-html.netlify.app/econest/assets/img/thumbs/thumb-147.webp]
[econest-html.netlify.app/econest/blog-standard.html]
[econest-html.netlify.app/econest/assets/img/thumbs/thumb-148.webp]
[econest-html.netlify.app/econest/assets/img/thumbs/thumb-150.webp]
[econest-html.netlify.app/econest/assets/img/thumbs/thumb-149.webp]
[econest-html.netlify.app/econest/assets/img/thumbs/thumb-151.webp]
[econest-html.netlify.app/econest/blog-details.html]
[econest-html.netlify.app/econest/assets/img/shapes/shape-34.webp]
[econest-html.netlify.app/econest/assets/img/shapes/shape-35.webp]
[econest-html.netlify.app/econest/contact.html]
[econest-html.netlify.app/econest/assets/img/logo/logo.svg]
[econest-html.netlify.app/econest/assets/img/icons/icon-1.svg]
[econest-html.netlify.app/econest/assets/img/icons/icon-6.svg]
[econest-html.netlify.app/econest/assets/img/icons/icon-2.svg]
[econest-html.netlify.app/econest/assets/img/logo/logo-8.svg]
[econest-html.netlify.app/econest/assets/img/icons/icon-4.svg]
[econest-html.netlify.app/econest/assets/img/icons/calendar.svg]
[econest-html.netlify.app/econest/assets/img/icons/icon-3.svg]
[econest-html.netlify.app/econest/assets/img/icons/calendar-2.svg]
[econest-html.netlify.app/econest/assets/img/icons/icon-12.svg]
[econest-html.netlify.app/econest/assets/img/icons/icon-21.svg]
[econest-html.netlify.app/econest/assets/img/icons/icon-18.svg]
[econest-html.netlify.app/econest/assets/img/icons/icon-5.svg]
[econest-html.netlify.app/econest/assets/img/icons/icon-7.svg]
[econest-html.netlify.app/econest/assets/img/icons/icon-8.svg]
[econest-html.netlify.app/econest/assets/img/icons/icon-9.svg]
[econest-html.netlify.app/econest/assets/img/icons/icon-10.svg]
[econest-html.netlify.app/econest/assets/img/icons/icon-11.svg]
[econest-html.netlify.app/econest/assets/img/icons/icon-13.svg]
[econest-html.netlify.app/econest/assets/img/icons/icon-14.svg]
[econest-html.netlify.app/econest/assets/img/icons/icon-15.svg]
[econest-html.netlify.app/econest/assets/img/icons/icon-16.svg]
[econest-html.netlify.app/econest/assets/img/icons/icon-17.svg]
[econest-html.netlify.app/econest/assets/img/icons/icon-20.svg]
[econest-html.netlify.app/econest/assets/img/icons/icon-19.svg]
